// Jest Snapshot v1, https://goo.gl/fbAQLP

exports[`index export modules for react-fiber 1`] = `
{
  "configurePixiReactFiber": [Function],
  "configurePixiReactHostConfig": [Function],
}
`;
