// Jest Snapshot v1, https://goo.gl/fbAQLP

exports[`index export modules for react-modular 1`] = `
{
  "configurePixiComponent": [Function],
  "configurePixiReact": [Function],
}
`;
