// Jest Snapshot v1, https://goo.gl/fbAQLP

exports[`index export modules for index 1`] = `
{
  "AnimatedSprite": "AnimatedSprite",
  "AppConsumer": {
    "$$typeof": Symbol(react.context),
    "_context": {
      "$$typeof": Symbol(react.context),
      "Consumer": [Circular],
      "Provider": {
        "$$typeof": Symbol(react.provider),
        "_context": [Circular],
      },
      "_currentRenderer": null,
      "_currentRenderer2": null,
      "_currentValue": null,
      "_currentValue2": null,
      "_defaultValue": null,
      "_globalName": null,
      "_threadCount": 0,
    },
  },
  "AppContext": {
    "$$typeof": Symbol(react.context),
    "Consumer": {
      "$$typeof": Symbol(react.context),
      "_context": [Circular],
    },
    "Provider": {
      "$$typeof": Symbol(react.provider),
      "_context": [Circular],
    },
    "_currentRenderer": null,
    "_currentRenderer2": null,
    "_currentValue": null,
    "_currentValue2": null,
    "_defaultValue": null,
    "_globalName": null,
    "_threadCount": 0,
  },
  "AppProvider": {
    "$$typeof": Symbol(react.provider),
    "_context": {
      "$$typeof": Symbol(react.context),
      "Consumer": {
        "$$typeof": Symbol(react.context),
        "_context": [Circular],
      },
      "Provider": [Circular],
      "_currentRenderer": null,
      "_currentRenderer2": null,
      "_currentValue": null,
      "_currentValue2": null,
      "_defaultValue": null,
      "_globalName": null,
      "_threadCount": 0,
    },
  },
  "BitmapText": "BitmapText",
  "Container": "Container",
  "Graphics": "Graphics",
  "NineSlicePlane": "NineSlicePlane",
  "ParticleContainer": "ParticleContainer",
  "PixiComponent": [Function],
  "PixiFiber": {
    "attemptContinuousHydration": [Function],
    "attemptDiscreteHydration": [Function],
    "attemptHydrationAtCurrentPriority": [Function],
    "attemptSynchronousHydration": [Function],
    "batchedUpdates": [Function],
    "createComponentSelector": [Function],
    "createContainer": [Function],
    "createHasPseudoClassSelector": [Function],
    "createHydrationContainer": [Function],
    "createPortal": [Function],
    "createRoleSelector": [Function],
    "createTestNameSelector": [Function],
    "createTextSelector": [Function],
    "deferredUpdates": [Function],
    "discreteUpdates": [Function],
    "findAllNodes": [Function],
    "findBoundingRects": [Function],
    "findHostInstance": [Function],
    "findHostInstanceWithNoPortals": [Function],
    "findHostInstanceWithWarning": [Function],
    "flushControlled": [Function],
    "flushPassiveEffects": [Function],
    "flushSync": [Function],
    "focusWithin": [Function],
    "getCurrentUpdatePriority": [Function],
    "getFindAllNodesFailureDescription": [Function],
    "getPublicRootInstance": [Function],
    "injectIntoDevTools": [Function],
    "isAlreadyRendering": [Function],
    "observeVisibleRects": [Function],
    "registerMutableSourceForHydration": [Function],
    "runWithPriority": [Function],
    "shouldError": [Function],
    "shouldSuspend": [Function],
    "updateContainer": [Function],
  },
  "SimpleMesh": "SimpleMesh",
  "SimpleRope": "SimpleRope",
  "Sprite": "Sprite",
  "Stage": [Function],
  "TYPES": {
    "AnimatedSprite": "AnimatedSprite",
    "BitmapText": "BitmapText",
    "Container": "Container",
    "Graphics": "Graphics",
    "NineSlicePlane": "NineSlicePlane",
    "ParticleContainer": "ParticleContainer",
    "SimpleMesh": "SimpleMesh",
    "SimpleRope": "SimpleRope",
    "Sprite": "Sprite",
    "Text": "Text",
    "TilingSprite": "TilingSprite",
  },
  "Text": "Text",
  "TilingSprite": "TilingSprite",
  "applyDefaultProps": [Function],
  "createRoot": [Function],
  "eventHandlers": [
    "click",
    "mousedown",
    "mousemove",
    "mouseout",
    "mouseover",
    "mouseup",
    "mouseupoutside",
    "tap",
    "touchstart",
    "touchmove",
    "touchend",
    "touchendoutside",
    "pointercancel",
    "pointerout",
    "pointerover",
    "pointertap",
    "pointerdown",
    "pointerup",
    "pointerupoutside",
    "pointermove",
    "rightclick",
    "rightdown",
    "rightup",
    "rightupoutside",
    "touchcancel",
    "touchendoutside",
    "touchmove",
    "touchstart",
  ],
  "render": [Function],
  "unmountComponentAtNode": [Function],
  "useApp": [Function],
  "useTick": [Function],
  "withFilters": [Function],
  "withPixiApp": [Function],
}
`;
