// Jest Snapshot v1, https://goo.gl/fbAQLP

exports[`index export modules for react-animated 1`] = `
{
  "AnimatedSprite": {
    "$$typeof": Symbol(react.forward_ref),
    "render": [Function],
  },
  "BitmapText": {
    "$$typeof": Symbol(react.forward_ref),
    "render": [Function],
  },
  "Container": {
    "$$typeof": Symbol(react.forward_ref),
    "render": [Function],
  },
  "Graphics": {
    "$$typeof": Symbol(react.forward_ref),
    "render": [Function],
  },
  "NineSlicePlane": {
    "$$typeof": Symbol(react.forward_ref),
    "render": [Function],
  },
  "ParticleContainer": {
    "$$typeof": Symbol(react.forward_ref),
    "render": [Function],
  },
  "SimpleMesh": {
    "$$typeof": Symbol(react.forward_ref),
    "render": [Function],
  },
  "SimpleRope": {
    "$$typeof": Symbol(react.forward_ref),
    "render": [Function],
  },
  "Sprite": {
    "$$typeof": Symbol(react.forward_ref),
    "render": [Function],
  },
  "Text": {
    "$$typeof": Symbol(react.forward_ref),
    "render": [Function],
  },
  "TilingSprite": {
    "$$typeof": Symbol(react.forward_ref),
    "render": [Function],
  },
}
`;
