// Jest Snapshot v1, https://goo.gl/fbAQLP

exports[`createElement types 1`] = `
Object {
  "BitmapText": "BitmapText",
  "Container": "Container",
  "Graphics": "Graphics",
  "Mesh": "Mesh",
  "NineSlicePlane": "NineSlicePlane",
  "ParticleContainer": "ParticleContainer",
  "Rope": "Rope",
  "Sprite": "Sprite",
  "Star": "Star",
  "Text": "Text",
  "TilingSprite": "TilingSprite",
}
`;
