// Jest Snapshot v1, https://goo.gl/fbAQLP

exports[`index export modules 1`] = `
Object {
  "AppConsumer": Object {
    "$$typeof": Symbol(react.context),
    "_calculateChangedBits": null,
    "_context": Object {
      "$$typeof": Symbol(react.context),
      "Consumer": [Circular],
      "Provider": Object {
        "$$typeof": Symbol(react.provider),
        "_context": [Circular],
      },
      "_calculateChangedBits": null,
      "_currentRenderer": null,
      "_currentRenderer2": null,
      "_currentValue": null,
      "_currentValue2": null,
      "_threadCount": 0,
    },
  },
  "AppContext": Object {
    "$$typeof": Symbol(react.context),
    "Consumer": Object {
      "$$typeof": Symbol(react.context),
      "_calculateChangedBits": null,
      "_context": [Circular],
    },
    "Provider": Object {
      "$$typeof": Symbol(react.provider),
      "_context": [Circular],
    },
    "_calculateChangedBits": null,
    "_currentRenderer": null,
    "_currentRenderer2": null,
    "_currentValue": null,
    "_currentValue2": null,
    "_threadCount": 0,
  },
  "AppProvider": Object {
    "$$typeof": Symbol(react.provider),
    "_context": Object {
      "$$typeof": Symbol(react.context),
      "Consumer": Object {
        "$$typeof": Symbol(react.context),
        "_calculateChangedBits": null,
        "_context": [Circular],
      },
      "Provider": [Circular],
      "_calculateChangedBits": null,
      "_currentRenderer": null,
      "_currentRenderer2": null,
      "_currentValue": null,
      "_currentValue2": null,
      "_threadCount": 0,
    },
  },
  "BitmapText": "BitmapText",
  "Container": "Container",
  "Graphics": "Graphics",
  "Mesh": "Mesh",
  "NineSlicePlane": "NineSlicePlane",
  "ParticleContainer": "ParticleContainer",
  "PixiComponent": [Function],
  "PixiFiber": Object {
    "batchedUpdates": [Function],
    "computeUniqueAsyncExpiration": [Function],
    "createContainer": [Function],
    "deferredUpdates": [Function],
    "findHostInstance": [Function],
    "findHostInstanceWithNoPortals": [Function],
    "findHostInstanceWithWarning": [Function],
    "flushControlled": [Function],
    "flushInteractiveUpdates": [Function],
    "flushRoot": [Function],
    "flushSync": [Function],
    "getPublicRootInstance": [Function],
    "injectIntoDevTools": [Function],
    "interactiveUpdates": [Function],
    "requestWork": [Function],
    "syncUpdates": [Function],
    "unbatchedUpdates": [Function],
    "updateContainer": [Function],
    "updateContainerAtExpirationTime": [Function],
  },
  "Rope": "Rope",
  "Sprite": "Sprite",
  "Stage": [Function],
  "Star": "Star",
  "Text": "Text",
  "TilingSprite": "TilingSprite",
  "render": [Function],
  "useApp": [Function],
  "useTick": [Function],
  "withPixiApp": [Function],
}
`;
