// Jest Snapshot v1, https://goo.gl/fbAQLP

exports[`index export modules for index 1`] = `
{
  "AnimatedSprite": "AnimatedSprite",
  "AppConsumer": {
    "$$typeof": Symbol(react.context),
    "_context": {
      "$$typeof": Symbol(react.context),
      "Consumer": [Circular],
      "Provider": {
        "$$typeof": Symbol(react.provider),
        "_context": [Circular],
      },
      "_currentRenderer": null,
      "_currentRenderer2": null,
      "_currentValue": null,
      "_currentValue2": null,
      "_defaultValue": null,
      "_globalName": null,
      "_threadCount": 0,
    },
  },
  "AppContext": {
    "$$typeof": Symbol(react.context),
    "Consumer": {
      "$$typeof": Symbol(react.context),
      "_context": [Circular],
    },
    "Provider": {
      "$$typeof": Symbol(react.provider),
      "_context": [Circular],
    },
    "_currentRenderer": null,
    "_currentRenderer2": null,
    "_currentValue": null,
    "_currentValue2": null,
    "_defaultValue": null,
    "_globalName": null,
    "_threadCount": 0,
  },
  "AppProvider": {
    "$$typeof": Symbol(react.provider),
    "_context": {
      "$$typeof": Symbol(react.context),
      "Consumer": {
        "$$typeof": Symbol(react.context),
        "_context": [Circular],
      },
      "Provider": [Circular],
      "_currentRenderer": null,
      "_currentRenderer2": null,
      "_currentValue": null,
      "_currentValue2": null,
      "_defaultValue": null,
      "_globalName": null,
      "_threadCount": 0,
    },
  },
  "BitmapText": "BitmapText",
  "Container": "Container",
  "Graphics": "Graphics",
  "NineSlicePlane": "NineSlicePlane",
  "ParticleContainer": "ParticleContainer",
  "SimpleMesh": "SimpleMesh",
  "SimpleRope": "SimpleRope",
  "Sprite": "Sprite",
  "TYPES": {
    "AnimatedSprite": "AnimatedSprite",
    "BitmapText": "BitmapText",
    "Container": "Container",
    "Graphics": "Graphics",
    "NineSlicePlane": "NineSlicePlane",
    "ParticleContainer": "ParticleContainer",
    "SimpleMesh": "SimpleMesh",
    "SimpleRope": "SimpleRope",
    "Sprite": "Sprite",
    "Text": "Text",
    "TilingSprite": "TilingSprite",
  },
  "Text": "Text",
  "TilingSprite": "TilingSprite",
  "applyDefaultProps": [Function],
  "configurePixiReactComponents": [Function],
  "configurePixiReactRenderAPI": [Function],
  "configurePixiReactStage": [Function],
  "eventHandlers": [
    "click",
    "mousedown",
    "mousemove",
    "mouseout",
    "mouseover",
    "mouseup",
    "mouseupoutside",
    "pointercancel",
    "pointerout",
    "pointerover",
    "pointertap",
    "pointerdown",
    "pointerup",
    "pointerupoutside",
    "pointermove",
    "rightclick",
    "rightdown",
    "rightup",
    "rightupoutside",
    "tap",
    "touchcancel",
    "touchend",
    "touchendoutside",
    "touchmove",
    "touchstart",
  ],
  "useApp": [Function],
  "useTick": [Function],
  "withFilters": [Function],
  "withPixiApp": [Function],
}
`;
