// Jest Snapshot v1, https://goo.gl/fbAQLP

exports[`pixi eventHandlers available event handlers 1`] = `
[
  "click",
  "mousedown",
  "mousemove",
  "mouseout",
  "mouseover",
  "mouseup",
  "mouseupoutside",
  "pointercancel",
  "pointerout",
  "pointerover",
  "pointertap",
  "pointerdown",
  "pointerup",
  "pointerupoutside",
  "pointermove",
  "rightclick",
  "rightdown",
  "rightup",
  "rightupoutside",
  "tap",
  "touchcancel",
  "touchend",
  "touchendoutside",
  "touchmove",
  "touchstart",
]
`;
